Numpy imported
